<?xml version="1.0"?>
<!-- masscan v1.0 scan -->
<nmaprun scanner="masscan" start="1759327194" version="1.0-BETA"  xmloutputversion="1.03">
<scaninfo type="syn" protocol="tcp" />
<host endtime="1759327194"><address addr="107.163.91.8" addrtype="ipv4"/><ports><port protocol="tcp" portid="23"><state state="open" reason="syn-ack" reason_ttl="117"/></port></ports></host>
<host endtime="1759327194"><address addr="160.124.65.164" addrtype="ipv4"/><ports><port protocol="tcp" portid="3306"><state state="open" reason="syn-ack" reason_ttl="44"/></port></ports></host>
<host endtime="1759327194"><address addr="166.117.95.177" addrtype="ipv4"/><ports><port protocol="tcp" portid="23"><state state="open" reason="syn-ack" reason_ttl="248"/></port></ports></host>
<host endtime="1759327194"><address addr="168.78.60.118" addrtype="ipv4"/><ports><port protocol="tcp" portid="3306"><state state="open" reason="syn-ack" reason_ttl="113"/></port></ports></host>
<host endtime="1759327194"><address addr="94.122.95.73" addrtype="ipv4"/><ports><port protocol="tcp" portid="3306"><state state="open" reason="syn-ack" reason_ttl="117"/></port></ports></host>
<host endtime="1759327194"><address addr="101.43.35.142" addrtype="ipv4"/><ports><port protocol="tcp" portid="3306"><state state="open" reason="syn-ack" reason_ttl="47"/></port></ports></host>
<host endtime="1759327195"><address addr="113.105.90.204" addrtype="ipv4"/><ports><port protocol="tcp" portid="3306"><state state="open" reason="syn-ack" reason_ttl="48"/></port></ports></host>
<host endtime="1759327195"><address addr="122.152.231.216" addrtype="ipv4"/><ports><port protocol="tcp" portid="3306"><state state="open" reason="syn-ack" reason_ttl="45"/></port></ports></host>
<host endtime="1759327196"><address addr="179.187.40.91" addrtype="ipv4"/><ports><port protocol="tcp" portid="23"><state state="open" reason="syn-ack" reason_ttl="49"/></port></ports></host>
<host endtime="1759327196"><address addr="47.113.212.79" addrtype="ipv4"/><ports><port protocol="tcp" portid="3306"><state state="open" reason="syn-ack" reason_ttl="46"/></port></ports></host>
<host endtime="1759327196"><address addr="192.186.56.138" addrtype="ipv4"/><ports><port protocol="tcp" portid="23"><state state="open" reason="syn-ack" reason_ttl="118"/></port></ports></host>
<host endtime="1759327197"><address addr="188.128.219.193" addrtype="ipv4"/><ports><port protocol="tcp" portid="3306"><state state="open" reason="syn-ack" reason_ttl="54"/></port></ports></host>
<host endtime="1759327197"><address addr="34.117.252.180" addrtype="ipv4"/><ports><port protocol="tcp" portid="3306"><state state="open" reason="syn-ack" reason_ttl="121"/></port></ports></host>
<host endtime="1759327197"><address addr="191.61.183.126" addrtype="ipv4"/><ports><port protocol="tcp" portid="3306"><state state="open" reason="syn-ack" reason_ttl="237"/></port></ports></host>
<host endtime="1759327197"><address addr="89.161.149.77" addrtype="ipv4"/><ports><port protocol="tcp" portid="3306"><state state="open" reason="syn-ack" reason_ttl="54"/></port></ports></host>
<host endtime="1759327198"><address addr="206.214.78.76" addrtype="ipv4"/><ports><port protocol="tcp" portid="3306"><state state="open" reason="syn-ack" reason_ttl="42"/></port></ports></host>
<host endtime="1759327198"><address addr="146.209.150.112" addrtype="ipv4"/><ports><port protocol="tcp" portid="3306"><state state="open" reason="syn-ack" reason_ttl="58"/></port></ports></host>
<host endtime="1759327198"><address addr="54.37.205.123" addrtype="ipv4"/><ports><port protocol="tcp" portid="3306"><state state="open" reason="syn-ack" reason_ttl="50"/></port></ports></host>
<host endtime="1759327199"><address addr="152.30.237.122" addrtype="ipv4"/><ports><port protocol="tcp" portid="23"><state state="open" reason="syn-ack" reason_ttl="55"/></port></ports></host>
<host endtime="1759327199"><address addr="144.217.217.130" addrtype="ipv4"/><ports><port protocol="tcp" portid="3306"><state state="open" reason="syn-ack" reason_ttl="47"/></port></ports></host>
<host endtime="1759327200"><address addr="120.211.48.37" addrtype="ipv4"/><ports><port protocol="tcp" portid="23"><state state="open" reason="syn-ack" reason_ttl="47"/></port></ports></host>
<host endtime="1759327201"><address addr="61.237.232.177" addrtype="ipv4"/><ports><port protocol="tcp" portid="23"><state state="open" reason="syn-ack" reason_ttl="238"/></port></ports></host>
<host endtime="1759327201"><address addr="31.22.4.221" addrtype="ipv4"/><ports><port protocol="tcp" portid="3306"><state state="open" reason="syn-ack" reason_ttl="54"/></port></ports></host>
<host endtime="1759327202"><address addr="154.92.110.210" addrtype="ipv4"/><ports><port protocol="tcp" portid="3306"><state state="open" reason="syn-ack" reason_ttl="49"/></port></ports></host>
<host endtime="1759327202"><address addr="145.220.191.217" addrtype="ipv4"/><ports><port protocol="tcp" portid="23"><state state="open" reason="syn-ack" reason_ttl="246"/></port></ports></host>
<host endtime="1759327203"><address addr="78.172.96.184" addrtype="ipv4"/><ports><port protocol="tcp" portid="23"><state state="open" reason="syn-ack" reason_ttl="238"/></port></ports></host>
<host endtime="1759327203"><address addr="34.120.97.153" addrtype="ipv4"/><ports><port protocol="tcp" portid="3306"><state state="open" reason="syn-ack" reason_ttl="121"/></port></ports></host>
<host endtime="1759327203"><address addr="121.89.221.237" addrtype="ipv4"/><ports><port protocol="tcp" portid="3306"><state state="open" reason="syn-ack" reason_ttl="42"/></port></ports></host>
<host endtime="1759327204"><address addr="24.168.76.196" addrtype="ipv4"/><ports><port protocol="tcp" portid="3306"><state state="open" reason="syn-ack" reason_ttl="49"/></port></ports></host>
<host endtime="1759327205"><address addr="212.174.43.243" addrtype="ipv4"/><ports><port protocol="tcp" portid="23"><state state="open" reason="syn-ack" reason_ttl="53"/></port></ports></host>
<host endtime="1759327206"><address addr="47.102.227.53" addrtype="ipv4"/><ports><port protocol="tcp" portid="23"><state state="open" reason="syn-ack" reason_ttl="45"/></port></ports></host>
<host endtime="1759327207"><address addr="39.174.95.142" addrtype="ipv4"/><ports><port protocol="tcp" portid="23"><state state="open" reason="syn-ack" reason_ttl="48"/></port></ports></host>
<host endtime="1759327208"><address addr="200.80.192.65" addrtype="ipv4"/><ports><port protocol="tcp" portid="23"><state state="open" reason="syn-ack" reason_ttl="235"/></port></ports></host>
<host endtime="1759327209"><address addr="38.181.147.14" addrtype="ipv4"/><ports><port protocol="tcp" portid="23"><state state="open" reason="syn-ack" reason_ttl="234"/></port></ports></host>
<host endtime="1759327209"><address addr="168.221.110.194" addrtype="ipv4"/><ports><port protocol="tcp" portid="3306"><state state="open" reason="syn-ack" reason_ttl="52"/></port></ports></host>
<host endtime="1759327211"><address addr="196.32.220.82" addrtype="ipv4"/><ports><port protocol="tcp" portid="3306"><state state="open" reason="syn-ack" reason_ttl="52"/></port></ports></host>
<host endtime="1759327211"><address addr="170.223.185.122" addrtype="ipv4"/><ports><port protocol="tcp" portid="23"><state state="open" reason="syn-ack" reason_ttl="238"/></port></ports></host>
<host endtime="1759327212"><address addr="203.146.224.239" addrtype="ipv4"/><ports><port protocol="tcp" portid="23"><state state="open" reason="syn-ack" reason_ttl="239"/></port></ports></host>
<host endtime="1759327213"><address addr="62.129.193.103" addrtype="ipv4"/><ports><port protocol="tcp" portid="3306"><state state="open" reason="syn-ack" reason_ttl="54"/></port></ports></host>
<runstats>
<finished time="1759327292" timestr="2025-10-01 16:01:32" elapsed="99" />
<hosts up="39" down="0" total="39" />
</runstats>
</nmaprun>
